2026-02-21 17:32:21 - __main__ - INFO - Starting Automated API Testing System
2026-02-21 17:32:21 - __main__ - INFO - Backend URL: http://localhost:5003
2026-02-21 17:32:21 - __main__ - INFO - OpenAPI file: openapi.yaml
2026-02-21 17:32:21 - tests.api_testing.test_runner - INFO - ================================================================================
2026-02-21 17:32:21 - tests.api_testing.test_runner - INFO - Starting Automated API Testing System
2026-02-21 17:32:21 - tests.api_testing.test_runner - INFO - ================================================================================
2026-02-21 17:32:21 - tests.api_testing.test_runner - INFO - 
2026-02-21 17:32:21 - tests.api_testing.test_runner - INFO - Step 1: Loading OpenAPI schema
2026-02-21 17:32:21 - tests.api_testing.test_runner - INFO - --------------------------------------------------------------------------------
2026-02-21 17:32:21 - tests.api_testing.logging_config - INFO - Loading OpenAPI schema from openapi.yaml
2026-02-21 17:32:23 - tests.api_testing.logging_config - INFO - Successfully loaded OpenAPI schema (version: 3.1.0)
2026-02-21 17:32:23 - tests.api_testing.test_runner - INFO - ✓ Loaded OpenAPI schema version 1.0.0
2026-02-21 17:32:23 - tests.api_testing.test_runner - INFO - 
2026-02-21 17:32:23 - tests.api_testing.test_runner - INFO - Step 2: Extracting endpoints
2026-02-21 17:32:23 - tests.api_testing.test_runner - INFO - --------------------------------------------------------------------------------
2026-02-21 17:32:23 - tests.api_testing.logging_config - INFO - Extracting endpoints from OpenAPI schema
2026-02-21 17:32:23 - tests.api_testing.logging_config - INFO - Extracted 513 endpoints
2026-02-21 17:32:23 - tests.api_testing.test_runner - INFO - ✓ Extracted 513 endpoints
2026-02-21 17:32:23 - tests.api_testing.test_runner - INFO - 
2026-02-21 17:32:23 - tests.api_testing.test_runner - INFO - Step 3: Authenticating
2026-02-21 17:32:23 - tests.api_testing.test_runner - INFO - --------------------------------------------------------------------------------
2026-02-21 17:32:23 - tests.api_testing.test_runner - INFO - Authenticating as admin...
2026-02-21 17:32:23 - tests.api_testing.logging_config - INFO - Admin login: admin@xear.com
2026-02-21 17:32:23 - tests.api_testing.test_runner - ERROR - Test run failed: 401 Client Error: Unauthorized for url: http://localhost:5003/api/admin/auth/login
Traceback (most recent call last):
  File "/Users/ozmen/Desktop/x-ear web app/x-ear/tests/api_testing/test_runner.py", line 122, in run_tests
    self._authenticate()
  File "/Users/ozmen/Desktop/x-ear web app/x-ear/tests/api_testing/test_runner.py", line 171, in _authenticate
    self.auth_manager.admin_login(
  File "/Users/ozmen/Desktop/x-ear web app/x-ear/tests/api_testing/auth_manager.py", line 56, in admin_login
    response.raise_for_status()
  File "/Users/ozmen/Desktop/x-ear web app/x-ear/apps/api/.venv/lib/python3.11/site-packages/requests/models.py", line 1026, in raise_for_status
    raise HTTPError(http_error_msg, response=self)
requests.exceptions.HTTPError: 401 Client Error: Unauthorized for url: http://localhost:5003/api/admin/auth/login
2026-02-21 17:32:23 - tests.api_testing.test_runner - INFO - Cleaning up resources...
2026-02-21 17:32:23 - tests.api_testing.logging_config - INFO - Starting cleanup of test resources...
2026-02-21 17:32:23 - tests.api_testing.logging_config - INFO - Cleanup complete: 0 deleted, 0 failed
2026-02-21 17:32:23 - tests.api_testing.test_runner - INFO - ✓ Cleanup completed
2026-02-21 17:32:23 - __main__ - ERROR - Test run failed with error: 401 Client Error: Unauthorized for url: http://localhost:5003/api/admin/auth/login
Traceback (most recent call last):
  File "/Users/ozmen/Desktop/x-ear web app/x-ear/tests/api_testing/cli.py", line 262, in main
    stats, report = runner.run_tests()
                    ^^^^^^^^^^^^^^^^^^
  File "/Users/ozmen/Desktop/x-ear web app/x-ear/tests/api_testing/test_runner.py", line 122, in run_tests
    self._authenticate()
  File "/Users/ozmen/Desktop/x-ear web app/x-ear/tests/api_testing/test_runner.py", line 171, in _authenticate
    self.auth_manager.admin_login(
  File "/Users/ozmen/Desktop/x-ear web app/x-ear/tests/api_testing/auth_manager.py", line 56, in admin_login
    response.raise_for_status()
  File "/Users/ozmen/Desktop/x-ear web app/x-ear/apps/api/.venv/lib/python3.11/site-packages/requests/models.py", line 1026, in raise_for_status
    raise HTTPError(http_error_msg, response=self)
requests.exceptions.HTTPError: 401 Client Error: Unauthorized for url: http://localhost:5003/api/admin/auth/login
